{
  "name": "in",
  "type": "engram",
  "smt": {
    "model": "xlsx",
    "locus": "./test/data/input/State_Voter_Registration_2024_PPE.xlsx",
    "schema": "in",
    "key": "*"
  },
  "fields": [
    {
      "name": "County",
      "type": "text",
      "size": 10
    },
    {
      "name": "Precincts",
      "type": "integer"
    },
    {
      "name": "Date/Period",
      "type": "keyword",
      "size": 8
    },
    {
      "name": "Democratic",
      "type": "integer"
    },
    {
      "name": "Green",
      "type": "keyword",
      "size": 1
    },
    {
      "name": "Libertarian",
      "type": "integer"
    },
    {
      "name": "No Labels",
      "type": "integer"
    },
    {
      "name": "Republican",
      "type": "integer"
    },
    {
      "name": "Other",
      "type": "integer"
    },
    {
      "name": "Total",
      "type": "integer"
    }
  ]
}
