{
  "name": "foo",
  "type": "engram",
  "smt": {
    "model": "xls",
    "locus": "./test/data/input/foofile.xls",
    "schema": "foo",
    "key": "*"
  },
  "fields": [
    {
      "name": "Foo",
      "type": "keyword",
      "size": 7
    },
    {
      "name": "Bar",
      "type": "text",
      "size": 13
    },
    {
      "name": "Baz",
      "type": "integer"
    },
    {
      "name": "Fobe",
      "type": "number"
    },
    {
      "name": "Dt Test",
      "type": "date"
    },
    {
      "name": "enabled",
      "type": "boolean"
    }
  ]
}