[
  "Reg Voter",
  "Online Apps New-Change (2024)",
  "Party-to-Party(2024)",
  "Party-to-Party (past)",
  "Change to Other (2024)",
  "Change to Other (past)",
  "All by Age",
  "Dem by Age",
  "Rep by Age",
  "Active-Inactive",
  "Lib by Age"
]
