[
{"District":"Congressional District 1","County":"Maricopa","Precincts":206,"Democratic":134620,"Green":316,"Libertarian":3810,"No Labels":3015,"Republican":188761,"Other":161672,"Total":492194},
{"District":"Congressional District 1","County":"Total:","Precincts":206,"Democratic":134620,"Green":316,"Libertarian":3810,"No Labels":3015,"Republican":188761,"Other":161672,"Total":492194},
{"District":"Congressional District 2","County":"Apache","Precincts":44,"Democratic":26444,"Green":17,"Libertarian":229,"No Labels":129,"Republican":10579,"Other":13679,"Total":51077},
{"District":"Congressional District 2","County":"Coconino","Precincts":75,"Democratic":33242,"Green":151,"Libertarian":715,"No Labels":624,"Republican":22362,"Other":27503,"Total":84597},
{"District":"Congressional District 2","County":"Gila","Precincts":39,"Democratic":7971,"Green":0,"Libertarian":225,"No Labels":146,"Republican":15949,"Other":9284,"Total":33575},
{"District":"Congressional District 2","County":"Graham","Precincts":2,"Democratic":1260,"Green":0,"Libertarian":4,"No Labels":6,"Republican":170,"Other":627,"Total":2067},
{"District":"Congressional District 2","County":"Maricopa","Precincts":3,"Democratic":576,"Green":2,"Libertarian":8,"No Labels":9,"Republican":74,"Other":639,"Total":1308},
{"District":"Congressional District 2","County":"Mohave","Precincts":2,"Democratic":250,"Green":1,"Libertarian":5,"No Labels":4,"Republican":100,"Other":365,"Total":725},
{"District":"Congressional District 2","County":"Navajo","Precincts":21,"Democratic":22427,"Green":0,"Libertarian":394,"No Labels":317,"Republican":25333,"Other":18415,"Total":66886},
{"District":"Congressional District 2","County":"Pinal","Precincts":50,"Democratic":28053,"Green":2,"Libertarian":838,"No Labels":847,"Republican":38613,"Other":41135,"Total":109488},
{"District":"Congressional District 2","County":"Yavapai","Precincts":57,"Democratic":31650,"Green":11,"Libertarian":1302,"No Labels":956,"Republican":86169,"Other":48204,"Total":168292},
{"District":"Congressional District 2","County":"Total:","Precincts":293,"Democratic":151873,"Green":184,"Libertarian":3720,"No Labels":3038,"Republican":199349,"Other":159851,"Total":518015},
{"District":"Congressional District 3","County":"Maricopa","Precincts":123,"Democratic":136699,"Green":258,"Libertarian":2180,"No Labels":2767,"Republican":43474,"Other":120073,"Total":305451},
{"District":"Congressional District 3","County":"Total:","Precincts":123,"Democratic":136699,"Green":258,"Libertarian":2180,"No Labels":2767,"Republican":43474,"Other":120073,"Total":305451},
{"District":"Congressional District 4","County":"Maricopa","Precincts":146,"Democratic":123754,"Green":364,"Libertarian":3942,"No Labels":3331,"Republican":132386,"Other":146528,"Total":410305},
{"District":"Congressional District 4","County":"Total:","Precincts":146,"Democratic":123754,"Green":364,"Libertarian":3942,"No Labels":3331,"Republican":132386,"Other":146528,"Total":410305},
{"District":"Congressional District 5","County":"Maricopa","Precincts":120,"Democratic":90406,"Green":197,"Libertarian":3397,"No Labels":2511,"Republican":170170,"Other":136900,"Total":403581},
{"District":"Congressional District 5","County":"Pinal","Precincts":30,"Democratic":19860,"Green":3,"Libertarian":963,"No Labels":784,"Republican":44369,"Other":37541,"Total":103520},
{"District":"Congressional District 5","County":"Total:","Precincts":150,"Democratic":110266,"Green":200,"Libertarian":4360,"No Labels":3295,"Republican":214539,"Other":174441,"Total":507101},
{"District":"Congressional District 6","County":"Cochise","Precincts":43,"Democratic":11044,"Green":33,"Libertarian":569,"No Labels":363,"Republican":26588,"Other":20409,"Total":59006},
{"District":"Congressional District 6","County":"Graham","Precincts":21,"Democratic":3138,"Green":8,"Libertarian":116,"No Labels":63,"Republican":9885,"Other":4781,"Total":17991},
{"District":"Congressional District 6","County":"Greenlee","Precincts":6,"Democratic":1319,"Green":2,"Libertarian":51,"No Labels":30,"Republican":1697,"Other":1398,"Total":4497},
{"District":"Congressional District 6","County":"Pima","Precincts":155,"Democratic":130437,"Green":361,"Libertarian":2888,"No Labels":2064,"Republican":128077,"Other":122225,"Total":386052},
{"District":"Congressional District 6","County":"Pinal","Precincts":25,"Democratic":13857,"Green":2,"Libertarian":305,"No Labels":342,"Republican":17696,"Other":17169,"Total":49371},
{"District":"Congressional District 6","County":"Total:","Precincts":250,"Democratic":159795,"Green":406,"Libertarian":3929,"No Labels":2862,"Republican":183943,"Other":165982,"Total":516917},
{"District":"Congressional District 7","County":"Cochise","Precincts":12,"Democratic":6984,"Green":16,"Libertarian":86,"No Labels":82,"Republican":3014,"Other":6168,"Total":16350},
{"District":"Congressional District 7","County":"Maricopa","Precincts":23,"Democratic":19631,"Green":29,"Libertarian":374,"No Labels":584,"Republican":10435,"Other":20572,"Total":51625},
{"District":"Congressional District 7","County":"Pima","Precincts":123,"Democratic":108611,"Green":416,"Libertarian":1849,"No Labels":1611,"Republican":47816,"Other":85104,"Total":245407},
{"District":"Congressional District 7","County":"Pinal","Precincts":4,"Democratic":854,"Green":0,"Libertarian":32,"No Labels":35,"Republican":1345,"Other":1388,"Total":3654},
{"District":"Congressional District 7","County":"Santa Cruz","Precincts":24,"Democratic":13720,"Green":12,"Libertarian":173,"No Labels":116,"Republican":5124,"Other":11287,"Total":30432},
{"District":"Congressional District 7","County":"Yuma","Precincts":27,"Democratic":20968,"Green":22,"Libertarian":308,"No Labels":354,"Republican":11190,"Other":24314,"Total":57156},
{"District":"Congressional District 7","County":"Total:","Precincts":213,"Democratic":170768,"Green":495,"Libertarian":2822,"No Labels":2782,"Republican":78924,"Other":148833,"Total":404624},
{"District":"Congressional District 8","County":"Maricopa","Precincts":173,"Democratic":112758,"Green":274,"Libertarian":3565,"No Labels":2852,"Republican":186557,"Other":151854,"Total":457860},
{"District":"Congressional District 8","County":"Total:","Precincts":173,"Democratic":112758,"Green":274,"Libertarian":3565,"No Labels":2852,"Republican":186557,"Other":151854,"Total":457860},
{"District":"Congressional District 9","County":"La Paz","Precincts":11,"Democratic":2084,"Green":4,"Libertarian":60,"No Labels":105,"Republican":5457,"Other":4131,"Total":11841},
{"District":"Congressional District 9","County":"Maricopa","Precincts":112,"Democratic":70641,"Green":147,"Libertarian":2347,"No Labels":2618,"Republican":107394,"Other":103644,"Total":286791},
{"District":"Congressional District 9","County":"Mohave","Precincts":22,"Democratic":17913,"Green":61,"Libertarian":891,"No Labels":649,"Republican":75612,"Other":43424,"Total":138550},
{"District":"Congressional District 9","County":"Yuma","Precincts":20,"Democratic":9020,"Green":14,"Libertarian":333,"No Labels":317,"Republican":20361,"Other":16566,"Total":46611},
{"District":"Congressional District 9","County":"Total:","Precincts":165,"Democratic":99658,"Green":226,"Libertarian":3631,"No Labels":3689,"Republican":208824,"Other":167765,"Total":483793}
]