[
{"fie":"where's fum?","Dt Test":"dt_date","Foo":"foo","Bar":"bar","Baz":"baz","Fobe":"fobe"},
{"fie":"where's fum?","Dt Test":"dt_date","Foo":"foo","Bar":"bar","Baz":"baz","Fobe":"fobe"}
]