[
  {"County":"Apache","Precincts":44,"Date/Period":"2023-10-01T00:00:00.000Z","Democratic":27145,"Green":"*","Libertarian":231,"No Labels":97,"Republican":10735,"Other":13809,"Total":52017},
  {"County":"Apache","Precincts":44,"Date/Period":"2024-01-01T00:00:00.000Z","Democratic":26830,"Green":15,"Libertarian":229,"No Labels":126,"Republican":10720,"Other":13792,"Total":51712},
  {"County":"Apache","Precincts":44,"Date/Period":"PPE 2024","Democratic":26444,"Green":17,"Libertarian":229,"No Labels":129,"Republican":10579,"Other":13679,"Total":51077},
  {"County":"Cochise","Precincts":55,"Date/Period":"2023-10-01T00:00:00.000Z","Democratic":18943,"Green":"*","Libertarian":650,"No Labels":306,"Republican":30155,"Other":27257,"Total":77311},
  {"County":"Cochise","Precincts":55,"Date/Period":"2024-01-01T00:00:00.000Z","Democratic":18451,"Green":47,"Libertarian":645,"No Labels":424,"Republican":29624,"Other":26509,"Total":75700},
  {"County":"Cochise","Precincts":55,"Date/Period":"PPE 2024","Democratic":18028,"Green":49,"Libertarian":655,"No Labels":445,"Republican":29602,"Other":26577,"Total":75356},
  {"County":"Coconino","Precincts":75,"Date/Period":"2023-10-01T00:00:00.000Z","Democratic":34795,"Green":"*","Libertarian":741,"No Labels":420,"Republican":22536,"Other":28516,"Total":87008},
  {"County":"Coconino","Precincts":75,"Date/Period":"2024-01-01T00:00:00.000Z","Democratic":34526,"Green":146,"Libertarian":751,"No Labels":604,"Republican":22530,"Other":28401,"Total":86958},
  {"County":"Coconino","Precincts":75,"Date/Period":"PPE 2024","Democratic":33242,"Green":151,"Libertarian":715,"No Labels":624,"Republican":22362,"Other":27503,"Total":84597},
  {"County":"Gila","Precincts":39,"Date/Period":"2023-10-01T00:00:00.000Z","Democratic":8179,"Green":"*","Libertarian":221,"No Labels":95,"Republican":15904,"Other":9333,"Total":33732},
  {"County":"Gila","Precincts":39,"Date/Period":"2024-01-01T00:00:00.000Z","Democratic":8122,"Green":0,"Libertarian":226,"No Labels":138,"Republican":15875,"Other":9280,"Total":33641},
  {"County":"Gila","Precincts":39,"Date/Period":"PPE 2024","Democratic":7971,"Green":0,"Libertarian":225,"No Labels":146,"Republican":15949,"Other":9284,"Total":33575},
  {"County":"Graham","Precincts":23,"Date/Period":"2023-10-01T00:00:00.000Z","Democratic":4506,"Green":"*","Libertarian":114,"No Labels":42,"Republican":10121,"Other":5308,"Total":20091},
  {"County":"Graham","Precincts":23,"Date/Period":"2024-01-01T00:00:00.000Z","Democratic":4501,"Green":8,"Libertarian":119,"No Labels":66,"Republican":10168,"Other":5346,"Total":20208},
  {"County":"Graham","Precincts":23,"Date/Period":"PPE 2024","Democratic":4398,"Green":8,"Libertarian":120,"No Labels":69,"Republican":10055,"Other":5408,"Total":20058},
  {"County":"Greenlee","Precincts":8,"Date/Period":"2023-10-01T00:00:00.000Z","Democratic":1412,"Green":"*","Libertarian":52,"No Labels":19,"Republican":1776,"Other":1490,"Total":4749},
  {"County":"Greenlee","Precincts":6,"Date/Period":"2024-01-01T00:00:00.000Z","Democratic":1398,"Green":2,"Libertarian":51,"No Labels":30,"Republican":1790,"Other":1514,"Total":4785},
  {"County":"Greenlee","Precincts":6,"Date/Period":"PPE 2024","Democratic":1319,"Green":2,"Libertarian":51,"No Labels":30,"Republican":1697,"Other":1398,"Total":4497},
  {"County":"La Paz","Precincts":11,"Date/Period":"2023-10-01T00:00:00.000Z","Democratic":2124,"Green":"*","Libertarian":69,"No Labels":47,"Republican":5326,"Other":4190,"Total":11756},
  {"County":"La Paz","Precincts":11,"Date/Period":"2024-01-01T00:00:00.000Z","Democratic":2106,"Green":4,"Libertarian":61,"No Labels":95,"Republican":5350,"Other":4168,"Total":11784},
  {"County":"La Paz","Precincts":11,"Date/Period":"PPE 2024","Democratic":2084,"Green":4,"Libertarian":60,"No Labels":105,"Republican":5457,"Other":4131,"Total":11841},
  {"County":"Maricopa","Precincts":906,"Date/Period":"2023-10-01T00:00:00.000Z","Democratic":730462,"Green":"*","Libertarian":21042,"No Labels":11975,"Republican":853264,"Other":888077,"Total":2504820},
  {"County":"Maricopa","Precincts":906,"Date/Period":"2024-01-01T00:00:00.000Z","Democratic":697057,"Green":1523,"Libertarian":19865,"No Labels":16519,"Republican":825145,"Other":846568,"Total":2406677},
  {"County":"Maricopa","Precincts":906,"Date/Period":"PPE 2024","Democratic":689085,"Green":1587,"Libertarian":19623,"No Labels":17687,"Republican":839251,"Other":841882,"Total":2409115},
  {"County":"Mohave","Precincts":24,"Date/Period":"2023-10-01T00:00:00.000Z","Democratic":19017,"Green":"*","Libertarian":975,"No Labels":398,"Republican":76398,"Other":48103,"Total":144891},
  {"County":"Mohave","Precincts":24,"Date/Period":"2024-01-01T00:00:00.000Z","Democratic":19164,"Green":0,"Libertarian":976,"No Labels":603,"Republican":78243,"Other":47399,"Total":146385},
  {"County":"Mohave","Precincts":24,"Date/Period":"PPE 2024","Democratic":18163,"Green":62,"Libertarian":896,"No Labels":653,"Republican":75712,"Other":43789,"Total":139275},
  {"County":"Navajo","Precincts":14,"Date/Period":"2023-10-01T00:00:00.000Z","Democratic":23638,"Green":"*","Libertarian":445,"No Labels":250,"Republican":25981,"Other":20143,"Total":70457},
  {"County":"Navajo","Precincts":21,"Date/Period":"2024-01-01T00:00:00.000Z","Democratic":23526,"Green":0,"Libertarian":449,"No Labels":327,"Republican":26390,"Other":20162,"Total":70854},
  {"County":"Navajo","Precincts":21,"Date/Period":"PPE 2024","Democratic":22427,"Green":0,"Libertarian":394,"No Labels":317,"Republican":25333,"Other":18415,"Total":66886},
  {"County":"Pima","Precincts":278,"Date/Period":"2023-10-01T00:00:00.000Z","Democratic":243142,"Green":"*","Libertarian":4856,"No Labels":2552,"Republican":175106,"Other":210763,"Total":636419},
  {"County":"Pima","Precincts":278,"Date/Period":"2024-01-01T00:00:00.000Z","Democratic":238434,"Green":757,"Libertarian":4758,"No Labels":3474,"Republican":173314,"Other":206156,"Total":626893},
  {"County":"Pima","Precincts":278,"Date/Period":"PPE 2024","Democratic":239048,"Green":777,"Libertarian":4737,"No Labels":3675,"Republican":175893,"Other":207329,"Total":631459},
  {"County":"Pinal","Precincts":109,"Date/Period":"2023-10-01T00:00:00.000Z","Democratic":62965,"Green":"*","Libertarian":2136,"No Labels":1380,"Republican":98955,"Other":99272,"Total":264708},
  {"County":"Pinal","Precincts":109,"Date/Period":"2024-01-01T00:00:00.000Z","Democratic":62219,"Green":1,"Libertarian":2142,"No Labels":1885,"Republican":99129,"Other":98993,"Total":264369},
  {"County":"Pinal","Precincts":109,"Date/Period":"PPE 2024","Democratic":62624,"Green":7,"Libertarian":2138,"No Labels":2008,"Republican":102023,"Other":97233,"Total":266033},
  {"County":"Santa Cruz","Precincts":24,"Date/Period":"2023-10-01T00:00:00.000Z","Democratic":14045,"Green":"*","Libertarian":172,"No Labels":69,"Republican":5068,"Other":11103,"Total":30457},
  {"County":"Santa Cruz","Precincts":24,"Date/Period":"2024-01-01T00:00:00.000Z","Democratic":13965,"Green":11,"Libertarian":171,"No Labels":106,"Republican":5109,"Other":11229,"Total":30591},
  {"County":"Santa Cruz","Precincts":24,"Date/Period":"PPE 2024","Democratic":13720,"Green":12,"Libertarian":173,"No Labels":116,"Republican":5124,"Other":11287,"Total":30432},
  {"County":"Yavapai","Precincts":48,"Date/Period":"2023-10-01T00:00:00.000Z","Democratic":31422,"Green":"*","Libertarian":1364,"No Labels":684,"Republican":82144,"Other":52119,"Total":167733},
  {"County":"Yavapai","Precincts":57,"Date/Period":"2024-01-01T00:00:00.000Z","Democratic":31307,"Green":0,"Libertarian":1347,"No Labels":897,"Republican":83518,"Other":50062,"Total":167131},
  {"County":"Yavapai","Precincts":57,"Date/Period":"PPE 2024","Democratic":31650,"Green":11,"Libertarian":1302,"No Labels":956,"Republican":86169,"Other":48204,"Total":168292},
  {"County":"Yuma","Precincts":47,"Date/Period":"2023-10-01T00:00:00.000Z","Democratic":30835,"Green":"*","Libertarian":645,"No Labels":465,"Republican":31484,"Other":39949,"Total":103378},
  {"County":"Yuma","Precincts":47,"Date/Period":"2024-01-01T00:00:00.000Z","Democratic":30334,"Green":0,"Libertarian":648,"No Labels":630,"Republican":31502,"Other":40506,"Total":103620},
  {"County":"Yuma","Precincts":47,"Date/Period":"PPE 2024","Democratic":29988,"Green":36,"Libertarian":641,"No Labels":671,"Republican":31551,"Other":40880,"Total":103767},
  {"County":"Totals:","Precincts":1705,"Date/Period":"2023-10-01T00:00:00.000Z","Democratic":1252630,"Green":"*","Libertarian":33713,"No Labels":18799,"Republican":1444953,"Other":1459432,"Total":4209527},
  {"County":"Totals:","Precincts":1719,"Date/Period":"2024-01-01T00:00:00.000Z","Democratic":1211940,"Green":2514,"Libertarian":32438,"No Labels":25924,"Republican":1418407,"Other":1410085,"Total":4101308},
  {"County":"Totals:","Precincts":1719,"Date/Period":"PPE 2024","Democratic":1200191,"Green":2723,"Libertarian":31959,"No Labels":27631,"Republican":1436757,"Other":1396999,"Total":4096260}
  ]
